// Jest Snapshot v1, https://goo.gl/fbAQLP

exports[`Component Task renders correctly 1`] = `
"<div class=\\"list-group-item d-flex justify-content-between align-items-center\\"><div><div to=\\"[object Object]\\"></div>
    My Task<input type=\\"checkbox\\" class=\\"ml-3 extra-class\\"></div> <span id=\\"delete\\" class=\\"badge badge-pill badge-danger\\"></span> </div>"
`;
